// Jest Snapshot v1, https://goo.gl/fbAQLP

exports[`reads displays 1`] = `
"<div data-reactroot=\\"\\" data-reactid=\\"1\\" data-react-checksum=\\"-1923536318\\">
  <div data-reactid=\\"2\\">
    <!-- react-empty: 3 -->
    <div style=\\"padding-top:50px;padding-bottom:20px;\\" data-reactid=\\"4\\">
      <nav class=\\"navbar navbar-inverse navbar-fixed-top\\" data-reactid=\\"5\\">
        <div class=\\"container\\" data-reactid=\\"6\\">
          <div class=\\"navbar-header\\" data-reactid=\\"7\\">
            <button type=\\"button\\" class=\\"navbar-toggle collapsed\\" data-toggle=\\"collapse\\" data-target=\\"#navbar\\" aria-expanded=\\"false\\" aria-controls=\\"navbar\\" data-reactid=\\"8\\"><span class=\\"sr-only\\" data-reactid=\\"9\\">Toggle navigation</span><span class=\\"icon-bar\\" data-reactid=\\"10\\"></span><span class=\\"icon-bar\\" data-reactid=\\"11\\"></span><span class=\\"icon-bar\\" data-reactid=\\"12\\"></span></button>
            <a class=\\"navbar-brand\\"
              href=\\"/\\" data-reactid=\\"13\\">Sorters Club</a>
          </div>
          <div id=\\"navbar\\" class=\\"collapse navbar-collapse\\" data-reactid=\\"14\\">
            <ul class=\\"nav navbar-nav navbar-right\\" data-reactid=\\"15\\">
              <li class=\\"false\\" data-reactid=\\"16\\">
                <a href=\\"/\\" data-reactid=\\"17\\">Home</a>
              </li>
              <li class=\\"false\\" data-reactid=\\"18\\">
                <a href=\\"/about\\" data-reactid=\\"19\\">About</a>
              </li>
              <li class=\\"false\\" data-reactid=\\"20\\">
                <a href=\\"/news\\" data-reactid=\\"21\\">News</a>
              </li>
              <li class=\\"false\\" data-reactid=\\"22\\">
                <a href=\\"/users\\" data-reactid=\\"23\\">Sorters</a>
              </li>
              <li class=\\"false\\" data-reactid=\\"24\\">
                <a href=\\"/dashboard\\" data-reactid=\\"25\\">Dashboard</a>
              </li>
              <li class=\\"dropdownfalse\\" data-reactid=\\"26\\">
                <a href=\\"#\\" class=\\"dropdown-toggle\\" data-toggle=\\"dropdown\\" role=\\"button\\" aria-haspopup=\\"true\\" aria-expanded=\\"true\\" data-reactid=\\"27\\">
                  <!-- react-text: 28 -->Hello,
                  <!-- /react-text -->
                  <!-- react-text: 29 -->test
                  <!-- /react-text -->
                  <!-- react-text: 30 -->
                  <!-- /react-text --><span class=\\"caret\\" data-reactid=\\"31\\"></span></a>
              </li>
            </ul>
          </div>
        </div>
      </nav>
    </div>
    <div style=\\"max-width:400px;margin:auto;\\" data-reactid=\\"32\\">
      <h1 data-reactid=\\"33\\">Reading List</h1>
      <div data-reactid=\\"34\\">
        <p data-reactid=\\"35\\">
          <!-- react-text: 36 -->Your public reading list can be found at
          <!-- /react-text -->
          <a href=\\"/u/test\\" data-reactid=\\"37\\">
            <!-- react-text: 38 -->/u/
            <!-- /react-text -->
            <!-- react-text: 39 -->test
            <!-- /react-text -->
          </a>
          <!-- react-text: 40 -->.
          <!-- /react-text -->
        </p>
        <h2 data-reactid=\\"41\\">Description</h2>
        <p data-reactid=\\"42\\">Here you can describe how you put together your reading list.</p>
        <form data-reactid=\\"43\\">
          <div class=\\"form-group\\" data-reactid=\\"44\\">
            <label for=\\"reading\\" data-reactid=\\"45\\">Description</label>
            <textarea class=\\"form-control\\" rows=\\"4\\" data-reactid=\\"46\\">Test user reading</textarea>
          </div>
          <div class=\\"form-group\\" data-reactid=\\"47\\">
            <button type=\\"submit\\" class=\\"btn btn-primary btn-block\\" data-reactid=\\"48\\">Save</button>
          </div>
        </form>
        <div data-reactid=\\"49\\">
          <h2 data-reactid=\\"50\\">Your Reads</h2>
          <ul data-reactid=\\"51\\">
            <li style=\\"cursor:pointer;clear:both;\\" data-reactid=\\"52\\"><span data-reactid=\\"53\\"><span data-reactid=\\"54\\">Read</span><span data-reactid=\\"55\\"><!-- react-text: 56 -->&#xA0;(<!-- /react-text --><a href=\\"http://example.com/article\\" data-reactid=\\"57\\">article</a><span data-reactid=\\"58\\">,&#xA0;</span>
              <a
                href=\\"http://example.com/video\\" data-reactid=\\"59\\">video</a>
                <!-- react-text: 60 -->)
                <!-- /react-text -->
                </span><span style=\\"display:block;float:right;\\" data-reactid=\\"61\\"><span data-reactid=\\"62\\"><a style=\\"font-size:140%;\\" data-reactid=\\"63\\">&#x1F5D1;</a><!-- react-empty: 64 --></span>
                <!-- react-text: 65 -->&#xA0;
                <!-- /react-text -->
                <a style=\\"font-size:140%;\\" data-reactid=\\"66\\">&#x270E;</a>
                </span>
                </span>
            </li>
            <li style=\\"cursor:pointer;clear:both;\\" data-reactid=\\"67\\"><span data-reactid=\\"68\\"><span data-reactid=\\"69\\">Read - reading</span><span data-reactid=\\"70\\">&#xA0;&#x1F441;</span><span style=\\"display:block;float:right;\\" data-reactid=\\"71\\"><span data-reactid=\\"72\\"><a style=\\"font-size:140%;\\" data-reactid=\\"73\\">&#x1F5D1;</a><!-- react-empty: 74 --></span>
              <!-- react-text: 75 -->&#xA0;
              <!-- /react-text -->
              <a style=\\"font-size:140%;\\" data-reactid=\\"76\\">&#x270E;</a>
              </span>
              </span>
            </li>
            <li style=\\"cursor:pointer;clear:both;\\" data-reactid=\\"77\\"><span data-reactid=\\"78\\"><span data-reactid=\\"79\\">Read - read</span><span data-reactid=\\"80\\">&#xA0;&#x2714;</span><span style=\\"display:block;float:right;\\" data-reactid=\\"81\\"><span data-reactid=\\"82\\"><a style=\\"font-size:140%;\\" data-reactid=\\"83\\">&#x1F5D1;</a><!-- react-empty: 84 --></span>
              <!-- react-text: 85 -->&#xA0;
              <!-- /react-text -->
              <a style=\\"font-size:140%;\\" data-reactid=\\"86\\">&#x270E;</a>
              </span>
              </span>
            </li>
          </ul>
        </div>
        <h3 data-reactid=\\"87\\">New Book</h3>
        <form data-reactid=\\"88\\">
          <div class=\\"form-group\\" data-reactid=\\"89\\">
            <label for=\\"title\\" data-reactid=\\"90\\">Title</label>
            <input type=\\"text\\" class=\\"form-control\\" placeholder=\\"\\" data-reactid=\\"91\\">
          </div>
          <div class=\\"form-group\\" data-reactid=\\"92\\">
            <button type=\\"submit\\" class=\\"btn btn-primary btn-block\\" data-reactid=\\"93\\">New Book</button>
          </div>
        </form>
      </div>
    </div>
    <footer data-reactid=\\"94\\">
      <div class=\\"container\\" data-reactid=\\"95\\">
        <hr data-reactid=\\"96\\">
        <p data-reactid=\\"97\\">
          <!-- react-text: 98 -->Brought to you with &#x2764; by
          <!-- /react-text -->
          <a href=\\"/about\\" data-reactid=\\"99\\">Nick Redmark</a>
          <!-- react-text: 100 -->. Support and discuss the development of this platform on
          <!-- /react-text -->
          <a href=\\"https://www.patreon.com/nickredmark\\" target=\\"_blank\\" data-reactid=\\"101\\">Patreon</a>
          <!-- react-text: 102 -->.
          <!-- /react-text -->
        </p>
      </div>
    </footer>
  </div>
</div>"
`;
